// Jest Snapshot v1, https://goo.gl/fbAQLP

exports[`Matches snapshot when persist prop was **NOT** provided 1`] = `
<div>
  <h1>
    This is the app
  </h1>
</div>
`;

exports[`Matches snapshot when persist prop was provided 1`] = `
<div>
  <h1>
    This is the app
  </h1>
</div>
`;
