// Jest Snapshot v1, https://goo.gl/fbAQLP

exports[`matches snapshot when persist was provided 1`] = `
<div>
  <h1>
    This is the app
  </h1>
</div>
`;
